
> starter_helpi@0.1.0 test
> react-scripts test --coverage

FAIL src/App.test.tsx
  ✕ renders learn react link (51 ms)

  ● renders learn react link

    TestingLibraryElementError: Unable to find an element with the text: /learn react/i. This could be because the text is broken up by multiple elements. In this case, you can provide a function for your text matcher to make your matcher more flexible.

    Ignored nodes: comments, script, style
    [36m<body>[39m
      [36m<div>[39m
        [36m<div[39m
          [33mclass[39m=[32m"App"[39m
        [36m>[39m
          [36m<nav[39m
            [33mclass[39m=[32m"navbar navbar-expand navbar-light"[39m
          [36m/>[39m
          [36m<nav[39m
            [33mclass[39m=[32m"navbar navbar-expand-lg navbar-custom"[39m
          [36m>[39m
            [36m<pre>[39m
              [36m<span>[39m
                [36m<a[39m
                  [33mclass[39m=[32m"nav-link"[39m
                  [33mhref[39m=[32m"#/"[39m
                  [33mstyle[39m=[32m"color: white; text-shadow: 0 0 1em white, 0 0 0.2em white;"[39m
                [36m>[39m
                  [0mHome[0m
                [36m</a>[39m
              [36m</span>[39m
            [36m</pre>[39m
            [36m<pre>[39m
              [36m<span>[39m
                [36m<a[39m
                  [33mclass[39m=[32m"nav-link"[39m
                  [33mhref[39m=[32m"#/basicQuestions"[39m
                [36m>[39m
                  [0mBasic Questions[0m
                [36m</a>[39m
              [36m</span>[39m
            [36m</pre>[39m
            [36m<pre>[39m
              [36m<span>[39m
                [36m<a[39m
                  [33mclass[39m=[32m"nav-link"[39m
                  [33mhref[39m=[32m"#/detailedQuestions"[39m
                [36m>[39m
                  [0mDetailed Questions[0m
                [36m</a>[39m
              [36m</span>[39m
            [36m</pre>[39m
            [36m<pre>[39m
              [36m<span>[39m
                [36m<a[39m
                  [33mclass[39m=[32m"nav-link"[39m
                  [33mhref[39m=[32m"#/about"[39m
                [36m>[39m
                  [0mAbout[0m
                [36m</a>[39m
              [36m</span>[39m
            [36m</pre>[39m
          [36m</nav>[39m
          [36m<div[39m
            [33mclass[39m=[32m"home-container"[39m
          [36m>[39m
            [36m<header[39m
              [33mclass[39m=[32m"App-header"[39m
            [36m>[39m
              [36m<h1[39m
                [33mclass[39m=[32m"home-top-left-title"[39m
              [36m>[39m
                [0mCareer Helpi[0m
              [36m</h1>[39m
              [36m<div[39m
                [33mclass[39m=[32m"main-content"[39m
              [36m>[39m
                [36m<div[39m
                  [33mclass[39m=[32m"intro-box"[39m
                [36m>[39m
                  [36m<p>[39m
                    [0mWelcome to Career Helpi! Our platform is dedicated to helping you discover your ideal career path. Start with a quick quiz or delve into a detailed analysis to understand your career preferences and opportunities.[0m
                  [36m</p>[39m
                [36m</div>[39m
                [36m<div[39m
                  [33mclass[39m=[32m"quiz-sections"[39m
                [36m>[39m
                  [36m<div[39m
                    [33mclass[39m=[32m"quiz-section-1"[39m
                  [36m>[39m
                    [36m<div[39m
                      [33mclass[39m=[32m"quiz-description"[39m
                    [36m>[39m
                      [36m<h2[39m
                        [33mclass[39m=[32m"description-header-text"[39m
                      [36m>[39m
                        [0mOption 1: Basic Questions[0m
                      [36m</h2>[39m
                      [36m<p[39m
                        [33mclass[39m=[32m"description-text"[39m
                      [36m>[39m
                        [0mThis simplified quiz provides a quick overview to help guide your career interests. It includes basic questions to help you get started.[0m
                      [36m</p>[39m
                    [36m</div>[39m
                    [36m<div>[39m
                      [36m<button[39m
                        [33mclass[39m=[32m"basic-button btn btn-primary"[39m
                        [33mtype[39m=[32m"button"[39m
                      [36m>[39m
                        [0mBasic Questions[0m
                      [36m</button>[39m
                    [36m</div>[39m
                  [36m</div>[39m
                  [36m<div[39m
                    [33mclass[39m=[32m"quiz-section-2"[39m
                  [36m>[39m
                    [36m<div[39m
                      [33mclass[39m=[32m"quiz-description"[39m
                    [36m>[39m
                      [36m<h2[39m
                        [33mclass[39m=[32m"description-header-text"[39m
                      [36m>[39m
                        [0mOption 2: Detailed Questions[0m
                      [36m</h2>[39m
                      [36m<p[39m
                        [33mclass[39m=[32m"description-text"[39m
                      [36m>[39m
                        [0mThis in-depth quiz offers comprehensive insights based on a range of questions to better understand your career preferences. Perfect for those wanting a deeper analysis.[0m
                      [36m</p>[39m
                    [36m</div>[39m
                    [36m<button[39m
                      [33mclass[39m=[32m"detailed-button btn btn-primary"[39m
                      [33mtype[39m=[32m"button"[39m
                    [36m>[39m
                      [0mDetailed Questions[0m
                    [36m</button>[39m
                  [36m</div>[39m
                [36m</div>[39m
              [36m</div>[39m
            [36m</header>[39m
            [36m<footer[39m
              [33mclass[39m=[32m"home-footer"[39m
            [36m>[39m
              [36m<p>[39m
                [0mTarun Baskaran | Connor Griffith | Chris Yanko | Olivia Bouvier[0m
              [36m</p>[39m
            [36m</footer>[39m
          [36m</div>[39m
        [36m</div>[39m
      [36m</div>[39m
    [36m</body>[39m

       5 | test('renders learn react link', () => {
       6 |   render(<App />);
    >  7 |   const linkElement = screen.getByText(/learn react/i);
         |                              ^
       8 |   expect(linkElement).toBeInTheDocument();
       9 | });
      10 |

      at Object.getElementError (node_modules/@testing-library/react/node_modules/@testing-library/dom/dist/config.js:37:19)
      at node_modules/@testing-library/react/node_modules/@testing-library/dom/dist/query-helpers.js:76:38
      at node_modules/@testing-library/react/node_modules/@testing-library/dom/dist/query-helpers.js:52:17
      at getByText (node_modules/@testing-library/react/node_modules/@testing-library/dom/dist/query-helpers.js:95:19)
      at Object.<anonymous> (src/App.test.tsx:7:30)
      at TestScheduler.scheduleTests (node_modules/@jest/core/build/TestScheduler.js:333:13)
      at runJest (node_modules/@jest/core/build/runJest.js:404:19)
      at _run10000 (node_modules/@jest/core/build/cli/index.js:320:7)
      at runCLI (node_modules/@jest/core/build/cli/index.js:173:3)

[0;33mOne of your dependencies, babel-preset-react-app, is importing the
"@babel/plugin-proposal-private-property-in-object" package without
declaring it in its dependencies. This is currently working because
"@babel/plugin-proposal-private-property-in-object" is already in your
node_modules folder for unrelated reasons, but it [1mmay break at any time[0;33m.

babel-preset-react-app is part of the create-react-app project, [1mwhich
is not maintianed anymore[0;33m. It is thus unlikely that this bug will
ever be fixed. Add "@babel/plugin-proposal-private-property-in-object" to
your devDependencies to work around this error. This will make this message
go away.[0m
  
----------------------------|---------|----------|---------|---------|-------------------
File                        | % Stmts | % Branch | % Funcs | % Lines | Uncovered Line #s 
----------------------------|---------|----------|---------|---------|-------------------
All files                   |    3.83 |        0 |    4.65 |    3.66 |                   
 src                        |    8.33 |        0 |   33.33 |    8.33 |                   
  App.tsx                   |     100 |      100 |     100 |     100 |                   
  index.tsx                 |       0 |      100 |     100 |       0 | 8-20              
  reportWebVitals.ts        |       0 |        0 |       0 |       0 | 3-10              
 src/components             |    1.87 |        0 |    1.88 |    1.88 |                   
  BasicQuestionRBOne.tsx    |    0.52 |        0 |       0 |    0.53 | 13-699            
  DetailedQuestionRBOne.tsx |    0.52 |        0 |       0 |    0.53 | 13-728            
  basicButton.tsx           |      75 |      100 |      50 |      75 | 8                 
  chatgpt.tsx               |       0 |        0 |       0 |       0 | 18-135            
  detailedButton.tsx        |      75 |      100 |      50 |      75 | 8                 
 src/components/NavBar      |    23.8 |      100 |      20 |    23.8 |                   
  NavBarElements.tsx        |    23.8 |      100 |      20 |    23.8 | 12-37             
 src/pages                  |   14.28 |        0 |   13.33 |   12.12 |                   
  about.tsx                 |   28.57 |        0 |    12.5 |      25 | 44-99             
  basicQuestions.tsx        |       0 |        0 |       0 |       0 | 7-25              
  detailedQuestions.tsx     |       0 |        0 |       0 |       0 | 7-26              
  home.tsx                  |     100 |      100 |     100 |     100 |                   
----------------------------|---------|----------|---------|---------|-------------------
Test Suites: 1 failed, 1 total
Tests:       1 failed, 1 total
Snapshots:   0 total
Time:        3.759 s
Ran all test suites.
